exports[`Board That it matches an existing snapshot 1`] = `
<section
  className="board"
>
  <NewCardForm
    addCardCallback={[Function]}
  />
</section>
`;
