exports[`NewCardForm That it matches an existing snapshot 1`] = `
<form
  className="new-card-form new-card-form__form"
  onSubmit={[Function]}
>
  <h3
    className="new-card-form__header"
  >
    Add a new inspirational note to this board.
  </h3>
  <div>
    <label
      className="new-card-form__form-label"
      htmlFor="text"
    >
      Message
    </label>
    <textarea
      className="new-card-form__form-textarea"
      name="text"
      onChange={[Function]}
      type="text"
      value=""
    />
  </div>
  <div>
    <label
      className="new-card-form__form-label"
      htmlFor="emoji"
    >
      Emoji (optional)
    </label>
    <select
      className="new-card-form__form-select"
      name="emoji"
      onChange={[Function]}
      value=""
    >
      <option
        key="0"
        value=""
      />
      <option
        key="1"
        value="heart_eyes"
      >
        😍
      </option>
      <option
        key="2"
        value="beer"
      >
        🍺
      </option>
      <option
        key="3"
        value="clap"
      >
        👏
      </option>
      <option
        key="4"
        value="sparkling_heart"
      >
        💖
      </option>
      <option
        key="5"
        value="heart_eyes_cat"
      >
        😻
      </option>
      <option
        key="6"
        value="dog"
      >
        🐶
      </option>
    </select>
  </div>
  <div>
    <input
      className="new-card-form__form-button"
      type="submit"
    />
  </div>
</form>
`;
